kotlin version: 2.3.20
error message: java.lang.AssertionError: Error occurred while optimizing an expression:
CALL 'public final fun <get-DefaultViewportWidthPx> (): kotlin.Float declared in com.example.clipystudio.data.TimelineEngine' type=kotlin.Float origin=GET_PROPERTY
  ARG <this>: GET_OBJECT 'CLASS IR_EXTERNAL_DECLARATION_STUB OBJECT name:TimelineEngine modality:FINAL visibility:public superTypes:[kotlin.Any]' type=com.example.clipystudio.data.TimelineEngine

	at org.jetbrains.kotlin.ir.interpreter.transformer.IrConstEvaluationContext.interpret(IrConstEvaluationContext.kt:82)
	at org.jetbrains.kotlin.ir.interpreter.transformer.IrConstExpressionTransformer.visitCall(IrConstExpressionTransformer.kt:42)
	at org.jetbrains.kotlin.ir.interpreter.transformer.IrConstOnlyNecessaryTransformer.visitCall(IrConstOnlyNecessaryTransformer.kt:34)
	at org.jetbrains.kotlin.ir.interpreter.transformer.IrConstOnlyNecessaryTransformer.visitCall(IrConstOnlyNecessaryTransformer.kt:21)
	at org.jetbrains.kotlin.ir.expressions.IrCall.accept(IrCall.kt:24)
	at org.jetbrains.kotlin.ir.expressions.IrExpression.transform(IrExpression.kt:23)
	at org.jetbrains.kotlin.ir.expressions.IrExpression.transform(IrExpression.kt:19)
	at org.jetbrains.kotlin.ir.util.TransformKt.transformInPlaceNullable(transform.kt:46)
	at org.jetbrains.kotlin.ir.expressions.IrMemberAccessExpression.transformChildren(IrMemberAccessExpression.kt:520)
	at org.jetbrains.kotlin.ir.interpreter.transformer.IrConstOnlyNecessaryTransformer.visitCall(IrConstOnlyNecessaryTransformer.kt:36)
	at org.jetbrains.kotlin.ir.interpreter.transformer.IrConstOnlyNecessaryTransformer.visitCall(IrConstOnlyNecessaryTransformer.kt:21)
	at org.jetbrains.kotlin.ir.expressions.IrCall.accept(IrCall.kt:24)
	at org.jetbrains.kotlin.ir.expressions.IrExpression.transform(IrExpression.kt:23)
	at org.jetbrains.kotlin.ir.expressions.IrReturn.transformChildren(IrReturn.kt:31)
	at org.jetbrains.kotlin.ir.visitors.IrTransformer.visitExpression(IrTransformer.kt:95)
	at org.jetbrains.kotlin.ir.visitors.IrTransformer.visitReturn(IrTransformer.kt:257)
	at org.jetbrains.kotlin.ir.visitors.IrTransformer.visitReturn(IrTransformer.kt:19)
	at org.jetbrains.kotlin.ir.expressions.IrReturn.accept(IrReturn.kt:24)
	at org.jetbrains.kotlin.ir.expressions.IrExpression.transform(IrExpression.kt:23)
	at org.jetbrains.kotlin.ir.expressions.IrExpression.transform(IrExpression.kt:19)
	at org.jetbrains.kotlin.ir.util.TransformKt.transformInPlace(transform.kt:35)
	at org.jetbrains.kotlin.ir.expressions.IrBlockBody.transformChildren(IrBlockBody.kt:27)
	at org.jetbrains.kotlin.ir.visitors.IrTransformer.visitBody(IrTransformer.kt:100)
	at org.jetbrains.kotlin.ir.visitors.IrTransformer.visitBlockBody(IrTransformer.kt:108)
	at org.jetbrains.kotlin.ir.visitors.IrTransformer.visitBlockBody(IrTransformer.kt:19)
	at org.jetbrains.kotlin.ir.expressions.IrBlockBody.accept(IrBlockBody.kt:20)
	at org.jetbrains.kotlin.ir.expressions.IrBody.transform(IrBody.kt:20)
	at org.jetbrains.kotlin.ir.declarations.IrFunction.transformChildren(IrFunction.kt:293)
	at org.jetbrains.kotlin.ir.visitors.IrTransformer.visitDeclaration(IrTransformer.kt:27)
	at org.jetbrains.kotlin.ir.visitors.IrTransformer.visitFunction(IrTransformer.kt:44)
	at org.jetbrains.kotlin.ir.interpreter.transformer.IrConstExpressionTransformer.visitFunction(IrConstExpressionTransformer.kt:37)
	at org.jetbrains.kotlin.ir.interpreter.transformer.IrConstExpressionTransformer.visitFunction(IrConstExpressionTransformer.kt:24)
	at org.jetbrains.kotlin.ir.visitors.IrTransformer.visitSimpleFunction(IrTransformer.kt:73)
	at org.jetbrains.kotlin.ir.visitors.IrTransformer.visitSimpleFunction(IrTransformer.kt:19)
	at org.jetbrains.kotlin.ir.declarations.IrSimpleFunction.accept(IrSimpleFunction.kt:39)
	at org.jetbrains.kotlin.ir.IrElementBase.transform(IrElementBase.kt:33)
	at org.jetbrains.kotlin.ir.expressions.IrFunctionExpression.transformChildren(IrFunctionExpression.kt:31)
	at org.jetbrains.kotlin.ir.visitors.IrTransformer.visitExpression(IrTransformer.kt:95)
	at org.jetbrains.kotlin.ir.visitors.IrTransformer.visitFunctionExpression(IrTransformer.kt:239)
	at org.jetbrains.kotlin.ir.visitors.IrTransformer.visitFunctionExpression(IrTransformer.kt:19)
	at org.jetbrains.kotlin.ir.expressions.IrFunctionExpression.accept(IrFunctionExpression.kt:24)
	at org.jetbrains.kotlin.ir.expressions.IrExpression.transform(IrExpression.kt:23)
	at org.jetbrains.kotlin.ir.expressions.IrExpression.transform(IrExpression.kt:19)
	at org.jetbrains.kotlin.ir.util.TransformKt.transformInPlaceNullable(transform.kt:46)
	at org.jetbrains.kotlin.ir.expressions.IrMemberAccessExpression.transformChildren(IrMemberAccessExpression.kt:520)
	at org.jetbrains.kotlin.ir.interpreter.transformer.IrConstOnlyNecessaryTransformer.visitCall(IrConstOnlyNecessaryTransformer.kt:36)
	at org.jetbrains.kotlin.ir.interpreter.transformer.IrConstOnlyNecessaryTransformer.visitCall(IrConstOnlyNecessaryTransformer.kt:21)
	at org.jetbrains.kotlin.ir.expressions.IrCall.accept(IrCall.kt:24)
	at org.jetbrains.kotlin.ir.expressions.IrExpression.transform(IrExpression.kt:23)
	at org.jetbrains.kotlin.ir.declarations.IrVariable.transformChildren(IrVariable.kt:43)
	at org.jetbrains.kotlin.ir.visitors.IrTransformer.visitDeclaration(IrTransformer.kt:27)
	at org.jetbrains.kotlin.ir.visitors.IrTransformer.visitVariable(IrTransformer.kt:79)
	at org.jetbrains.kotlin.ir.visitors.IrTransformer.visitVariable(IrTransformer.kt:19)
	at org.jetbrains.kotlin.ir.declarations.IrVariable.accept(IrVariable.kt:36)
	at org.jetbrains.kotlin.ir.IrElementBase.transform(IrElementBase.kt:33)
	at org.jetbrains.kotlin.ir.declarations.IrLocalDelegatedProperty.transformChildren(IrLocalDelegatedProperty.kt:59)
	at org.jetbrains.kotlin.ir.visitors.IrTransformer.visitDeclaration(IrTransformer.kt:27)
	at org.jetbrains.kotlin.ir.visitors.IrTransformer.visitLocalDelegatedProperty(IrTransformer.kt:56)
	at org.jetbrains.kotlin.ir.visitors.IrTransformer.visitLocalDelegatedProperty(IrTransformer.kt:19)
	at org.jetbrains.kotlin.ir.declarations.IrLocalDelegatedProperty.accept(IrLocalDelegatedProperty.kt:50)
	at org.jetbrains.kotlin.ir.IrElementBase.transform(IrElementBase.kt:33)
	at org.jetbrains.kotlin.ir.util.TransformKt.transformInPlace(transform.kt:35)
	at org.jetbrains.kotlin.ir.expressions.IrBlockBody.transformChildren(IrBlockBody.kt:27)
	at org.jetbrains.kotlin.ir.visitors.IrTransformer.visitBody(IrTransformer.kt:100)
	at org.jetbrains.kotlin.ir.visitors.IrTransformer.visitBlockBody(IrTransformer.kt:108)
	at org.jetbrains.kotlin.ir.visitors.IrTransformer.visitBlockBody(IrTransformer.kt:19)
	at org.jetbrains.kotlin.ir.expressions.IrBlockBody.accept(IrBlockBody.kt:20)
	at org.jetbrains.kotlin.ir.expressions.IrBody.transform(IrBody.kt:20)
	at org.jetbrains.kotlin.ir.declarations.IrFunction.transformChildren(IrFunction.kt:293)
	at org.jetbrains.kotlin.ir.visitors.IrTransformer.visitDeclaration(IrTransformer.kt:27)
	at org.jetbrains.kotlin.ir.visitors.IrTransformer.visitFunction(IrTransformer.kt:44)
	at org.jetbrains.kotlin.ir.interpreter.transformer.IrConstExpressionTransformer.visitFunction(IrConstExpressionTransformer.kt:37)
	at org.jetbrains.kotlin.ir.interpreter.transformer.IrConstExpressionTransformer.visitFunction(IrConstExpressionTransformer.kt:24)
	at org.jetbrains.kotlin.ir.visitors.IrTransformer.visitSimpleFunction(IrTransformer.kt:73)
	at org.jetbrains.kotlin.ir.visitors.IrTransformer.visitSimpleFunction(IrTransformer.kt:19)
	at org.jetbrains.kotlin.ir.declarations.IrSimpleFunction.accept(IrSimpleFunction.kt:39)
	at org.jetbrains.kotlin.ir.IrElementBase.transform(IrElementBase.kt:33)
	at org.jetbrains.kotlin.ir.util.TransformKt.transformInPlace(transform.kt:35)
	at org.jetbrains.kotlin.ir.declarations.IrPackageFragment.transformChildren(IrPackageFragment.kt:31)
	at org.jetbrains.kotlin.ir.visitors.IrTransformer.visitFile(IrTransformer.kt:90)
	at org.jetbrains.kotlin.ir.visitors.IrTransformer.visitFile(IrTransformer.kt:19)
	at org.jetbrains.kotlin.ir.declarations.IrFile.accept(IrFile.kt:27)
	at org.jetbrains.kotlin.ir.declarations.IrFile.transform(IrFile.kt:30)
	at org.jetbrains.kotlin.ir.declarations.IrFile.transform(IrFile.kt:19)
	at org.jetbrains.kotlin.ir.interpreter.transformer.IrConstTransformerKt.transformConst(IrConstTransformer.kt:54)
	at org.jetbrains.kotlin.ir.interpreter.transformer.IrConstTransformerKt.transformConst$default(IrConstTransformer.kt:26)
	at org.jetbrains.kotlin.fir.backend.Fir2IrConverter$Companion.evaluateConstants(Fir2IrConverter.kt:639)
	at org.jetbrains.kotlin.fir.pipeline.Fir2IrPipeline.evaluateConstants(convertToIr.kt:374)
	at org.jetbrains.kotlin.fir.pipeline.Fir2IrPipeline.runActualizationPipeline(convertToIr.kt:273)
	at org.jetbrains.kotlin.fir.pipeline.Fir2IrPipeline.convertToIrAndActualize(convertToIr.kt:154)
	at org.jetbrains.kotlin.fir.pipeline.ConvertToIrKt.convertToIrAndActualize-MT2kVtw(convertToIr.kt:119)
	at org.jetbrains.kotlin.fir.pipeline.ConvertToIrKt.convertToIrAndActualize-MT2kVtw$default(convertToIr.kt:92)
	at org.jetbrains.kotlin.cli.jvm.compiler.legacy.pipeline.JvmCompilerPipelineKt.convertToIrAndActualizeForJvm-_I1IR-w(jvmCompilerPipeline.kt:98)
	at org.jetbrains.kotlin.cli.pipeline.jvm.JvmFir2IrPipelinePhase.executePhase(JvmFir2IrPipelinePhase.kt:30)
	at org.jetbrains.kotlin.cli.pipeline.jvm.JvmFir2IrPipelinePhase.executePhase(JvmFir2IrPipelinePhase.kt:25)
	at org.jetbrains.kotlin.cli.pipeline.jvm.JvmFir2IrPipelinePhase.executePhase(JvmFir2IrPipelinePhase.kt:19)
	at org.jetbrains.kotlin.cli.pipeline.PipelinePhase.phaseBody(PipelinePhase.kt:68)
	at org.jetbrains.kotlin.cli.pipeline.PipelinePhase.phaseBody(PipelinePhase.kt:58)
	at org.jetbrains.kotlin.config.phaser.NamedCompilerPhase.invoke(CompilerPhase.kt:102)
	at org.jetbrains.kotlin.backend.common.phaser.CompositePhase.invoke(PhaseBuilders.kt:22)
	at org.jetbrains.kotlin.config.phaser.CompilerPhaseKt.invokeToplevel(CompilerPhase.kt:53)
	at org.jetbrains.kotlin.cli.pipeline.AbstractCliPipeline.runPhasedPipeline(AbstractCliPipeline.kt:109)
	at org.jetbrains.kotlin.cli.pipeline.AbstractCliPipeline.execute(AbstractCliPipeline.kt:68)
	at org.jetbrains.kotlin.cli.jvm.K2JVMCompiler.doExecutePhased(K2JVMCompiler.kt:51)
	at org.jetbrains.kotlin.cli.jvm.K2JVMCompiler.doExecutePhased(K2JVMCompiler.kt:42)
	at org.jetbrains.kotlin.cli.common.CLICompiler.execImpl(CLICompiler.kt:91)
	at org.jetbrains.kotlin.cli.common.CLICompiler.exec(CLICompiler.kt:363)
	at org.jetbrains.kotlin.incremental.IncrementalJvmCompilerRunnerBase.runCompiler(IncrementalJvmCompilerRunnerBase.kt:210)
	at org.jetbrains.kotlin.incremental.IncrementalJvmCompilerRunnerBase.runCompiler(IncrementalJvmCompilerRunnerBase.kt:52)
	at org.jetbrains.kotlin.incremental.IncrementalCompilerRunner.doCompile(IncrementalCompilerRunner.kt:510)
	at org.jetbrains.kotlin.incremental.IncrementalCompilerRunner.compileImpl(IncrementalCompilerRunner.kt:422)
	at org.jetbrains.kotlin.incremental.IncrementalCompilerRunner.tryCompileIncrementally$lambda$0$compile(IncrementalCompilerRunner.kt:252)
	at org.jetbrains.kotlin.incremental.IncrementalCompilerRunner.tryCompileIncrementally(IncrementalCompilerRunner.kt:270)
	at org.jetbrains.kotlin.incremental.IncrementalCompilerRunner.compile(IncrementalCompilerRunner.kt:122)
	at org.jetbrains.kotlin.daemon.CompileServiceImplBase.execIncrementalCompiler(CompileServiceImpl.kt:764)
	at org.jetbrains.kotlin.daemon.CompileServiceImplBase.access$execIncrementalCompiler(CompileServiceImpl.kt:107)
	at org.jetbrains.kotlin.daemon.CompileServiceImpl.compile(CompileServiceImpl.kt:2026)
	at java.base/jdk.internal.reflect.NativeMethodAccessorImpl.invoke0(Native Method)
	at java.base/jdk.internal.reflect.NativeMethodAccessorImpl.invoke(NativeMethodAccessorImpl.java:77)
	at java.base/jdk.internal.reflect.DelegatingMethodAccessorImpl.invoke(DelegatingMethodAccessorImpl.java:43)
	at java.base/java.lang.reflect.Method.invoke(Method.java:568)
	at java.rmi/sun.rmi.server.UnicastServerRef.dispatch(UnicastServerRef.java:360)
	at java.rmi/sun.rmi.transport.Transport$1.run(Transport.java:200)
	at java.rmi/sun.rmi.transport.Transport$1.run(Transport.java:197)
	at java.base/java.security.AccessController.doPrivileged(AccessController.java:712)
	at java.rmi/sun.rmi.transport.Transport.serviceCall(Transport.java:196)
	at java.rmi/sun.rmi.transport.tcp.TCPTransport.handleMessages(TCPTransport.java:587)
	at java.rmi/sun.rmi.transport.tcp.TCPTransport$ConnectionHandler.run0(TCPTransport.java:828)
	at java.rmi/sun.rmi.transport.tcp.TCPTransport$ConnectionHandler.lambda$run$0(TCPTransport.java:705)
	at java.base/java.security.AccessController.doPrivileged(AccessController.java:399)
	at java.rmi/sun.rmi.transport.tcp.TCPTransport$ConnectionHandler.run(TCPTransport.java:704)
	at java.base/java.util.concurrent.ThreadPoolExecutor.runWorker(ThreadPoolExecutor.java:1136)
	at java.base/java.util.concurrent.ThreadPoolExecutor$Worker.run(ThreadPoolExecutor.java:635)
	at java.base/java.lang.Thread.run(Thread.java:840)
Caused by: org.jetbrains.kotlin.utils.exceptions.KotlinIllegalArgumentExceptionWithAttachments: Exception was thrown during transformation of class org.jetbrains.kotlin.fir.declarations.impl.FirNamedFunctionImpl
	at org.jetbrains.kotlin.fir.backend.generators.Fir2IrCallableDeclarationsGenerator.createIrFunction(Fir2IrCallableDeclarationsGenerator.kt:1093)
	at org.jetbrains.kotlin.fir.backend.Fir2IrDeclarationStorage.getIrFunctionSymbol(Fir2IrDeclarationStorage.kt:1138)
	at org.jetbrains.kotlin.fir.backend.Fir2IrDeclarationStorage.getIrFunctionSymbol$default(Fir2IrDeclarationStorage.kt:1117)
	at org.jetbrains.kotlin.fir.lazy.Fir2IrLazyClass.declarations_delegate$lambda$0$addDeclarationsFromScope$2(Fir2IrLazyClass.kt:192)
	at org.jetbrains.kotlin.fir.scopes.impl.FirScopeWithCallableCopyReturnTypeUpdater.processFunctionsByName$lambda$0(FirScopeWithCallableCopyReturnTypeUpdater.kt:35)
	at org.jetbrains.kotlin.fir.scopes.impl.AbstractFirUseSiteMemberScope.processFunctionsByName(AbstractFirUseSiteMemberScope.kt:66)
	at org.jetbrains.kotlin.fir.scopes.impl.FirScopeWithCallableCopyReturnTypeUpdater.processFunctionsByName(FirScopeWithCallableCopyReturnTypeUpdater.kt:33)
	at org.jetbrains.kotlin.fir.lazy.Fir2IrLazyClass.declarations_delegate$lambda$0$addDeclarationsFromScope(Fir2IrLazyClass.kt:186)
	at org.jetbrains.kotlin.fir.lazy.Fir2IrLazyClass.declarations_delegate$lambda$0(Fir2IrLazyClass.kt:220)
	at org.jetbrains.kotlin.ir.declarations.lazy.SynchronizedLazyVar.getValue(lazyUtil.kt:29)
	at org.jetbrains.kotlin.ir.declarations.lazy.SynchronizedLazyVar.getValue(lazyUtil.kt:40)
	at org.jetbrains.kotlin.fir.lazy.Fir2IrLazyClass.getDeclarations(Fir2IrLazyClass.kt:151)
	at org.jetbrains.kotlin.ir.util.IrUtilsKt.getConstructors(IrUtils.kt:147)
	at org.jetbrains.kotlin.ir.interpreter.IrInterpreter.interpretGetObjectValue$lambda$0(IrInterpreter.kt:386)
	at org.jetbrains.kotlin.ir.interpreter.DefaultCallInterceptor.interceptGetObjectValue(CallInterceptor.kt:110)
	at org.jetbrains.kotlin.ir.interpreter.IrInterpreter.interpretGetObjectValue(IrInterpreter.kt:381)
	at org.jetbrains.kotlin.ir.interpreter.IrInterpreter.interpret(IrInterpreter.kt:105)
	at org.jetbrains.kotlin.ir.interpreter.IrInterpreter.handle(IrInterpreter.kt:52)
	at org.jetbrains.kotlin.ir.interpreter.IrInterpreter.interpret(IrInterpreter.kt:63)
	at org.jetbrains.kotlin.ir.interpreter.transformer.IrConstEvaluationContext.interpret(IrConstEvaluationContext.kt:76)
	... 133 more
Caused by: org.jetbrains.kotlin.utils.exceptions.KotlinIllegalArgumentExceptionWithAttachments: Exception was thrown during transformation of class org.jetbrains.kotlin.fir.declarations.impl.FirValueParameterImpl
	at org.jetbrains.kotlin.fir.backend.generators.Fir2IrCallableDeclarationsGenerator.createIrParameter$fir2ir(Fir2IrCallableDeclarationsGenerator.kt:1425)
	at org.jetbrains.kotlin.fir.backend.generators.Fir2IrCallableDeclarationsGenerator.createIrParameter$fir2ir$default(Fir2IrCallableDeclarationsGenerator.kt:713)
	at org.jetbrains.kotlin.fir.backend.generators.Fir2IrLazyDeclarationsGenerator.createIrLazyFunction$fir2ir(Fir2IrLazyDeclarationsGenerator.kt:80)
	at org.jetbrains.kotlin.fir.backend.generators.Fir2IrCallableDeclarationsGenerator.createIrFunction(Fir2IrCallableDeclarationsGenerator.kt:109)
	... 152 more
Caused by: java.io.FileNotFoundException: D:\Code\clipy-7\app\build\intermediates\built_in_kotlinc\debug\compileDebugKotlin\classes\com\example\clipystudio\data\GesturePriorityState.class (The system cannot find the path specified)
	at java.base/java.io.FileInputStream.open0(Native Method)
	at java.base/java.io.FileInputStream.open(FileInputStream.java:216)
	at java.base/java.io.FileInputStream.<init>(FileInputStream.java:157)
	at org.jetbrains.kotlin.com.intellij.openapi.util.io.FileUtil.loadFileBytes(FileUtil.java:188)
	at org.jetbrains.kotlin.cli.common.localfs.KotlinLocalVirtualFile.contentsToByteArray(KotlinLocalVirtualFile.kt:108)
	at org.jetbrains.kotlin.cli.jvm.compiler.KotlinCliJavaFileManagerImpl.findClass(KotlinCliJavaFileManagerImpl.kt:149)
	at org.jetbrains.kotlin.resolve.jvm.KotlinJavaPsiFacade$CliFinder.findClass(KotlinJavaPsiFacade.java:538)
	at org.jetbrains.kotlin.resolve.jvm.KotlinJavaPsiFacade.findClass(KotlinJavaPsiFacade.java:181)
	at org.jetbrains.kotlin.load.java.JavaClassFinderImpl.findClass(JavaClassFinderImpl.kt:49)
	at org.jetbrains.kotlin.fir.java.FirJavaFacade.findClass(FirJavaFacade.kt:74)
	at org.jetbrains.kotlin.fir.java.deserialization.JvmClassFileBasedSymbolProvider.extractClassMetadata(JvmClassFileBasedSymbolProvider.kt:179)
	at org.jetbrains.kotlin.fir.deserialization.AbstractFirDeserializedSymbolProvider.findAndDeserializeClass(AbstractFirDeserializedSymbolProvider.kt:255)
	at org.jetbrains.kotlin.fir.deserialization.AbstractFirDeserializedSymbolProvider.classCache$lambda$0(AbstractFirDeserializedSymbolProvider.kt:162)
	at org.jetbrains.kotlin.fir.caches.FirThreadUnsafeCacheWithPostCompute.getValue(FirThreadUnsafeCachesFactory.kt:74)
	at org.jetbrains.kotlin.fir.deserialization.AbstractFirDeserializedSymbolProvider.getClass(AbstractFirDeserializedSymbolProvider.kt:342)
	at org.jetbrains.kotlin.fir.deserialization.AbstractFirDeserializedSymbolProvider.getClass$default(AbstractFirDeserializedSymbolProvider.kt:325)
	at org.jetbrains.kotlin.fir.deserialization.AbstractFirDeserializedSymbolProvider.getClassLikeSymbolByClassId(AbstractFirDeserializedSymbolProvider.kt:419)
	at org.jetbrains.kotlin.fir.resolve.providers.impl.FirCachingCompositeSymbolProvider.computeClass(FirCachingCompositeSymbolProvider.kt:147)
	at org.jetbrains.kotlin.fir.resolve.providers.impl.FirCachingCompositeSymbolProvider.access$computeClass(FirCachingCompositeSymbolProvider.kt:27)
	at org.jetbrains.kotlin.fir.resolve.providers.impl.FirCachingCompositeSymbolProvider$special$$inlined$createCache$1.invoke(FirCachesFactory.kt:157)
	at org.jetbrains.kotlin.fir.resolve.providers.impl.FirCachingCompositeSymbolProvider$special$$inlined$createCache$1.invoke(FirCachesFactory.kt:141)
	at org.jetbrains.kotlin.fir.caches.FirThreadUnsafeCache.getValue(FirThreadUnsafeCachesFactory.kt:53)
	at org.jetbrains.kotlin.fir.resolve.providers.impl.FirCachingCompositeSymbolProvider.getClassLikeSymbolByClassId(FirCachingCompositeSymbolProvider.kt:174)
	at org.jetbrains.kotlin.fir.resolve.ToSymbolUtilsKt.toSymbol(ToSymbolUtils.kt:76)
	at org.jetbrains.kotlin.fir.resolve.ToSymbolUtilsKt.toTypeAliasSymbol(ToSymbolUtils.kt:120)
	at org.jetbrains.kotlin.fir.resolve.TypeExpansionUtilsKt.directExpansionType(TypeExpansionUtils.kt:173)
	at org.jetbrains.kotlin.fir.resolve.TypeExpansionUtilsKt.fullyExpandedTypeNoCache(TypeExpansionUtils.kt:160)
	at org.jetbrains.kotlin.fir.resolve.TypeExpansionUtilsKt.fullyExpandedType(TypeExpansionUtils.kt:54)
	at org.jetbrains.kotlin.fir.resolve.TypeExpansionUtilsKt.fullyExpandedType(TypeExpansionUtils.kt:92)
	at org.jetbrains.kotlin.fir.resolve.TypeExpansionUtilsKt.fullyExpandedType(TypeExpansionUtils.kt:98)
	at org.jetbrains.kotlin.fir.backend.Fir2IrTypeConverter.toIrType(Fir2IrTypeConverter.kt:106)
	at org.jetbrains.kotlin.fir.backend.Fir2IrTypeConverter.toIrType$default(Fir2IrTypeConverter.kt:98)
	at org.jetbrains.kotlin.fir.backend.Fir2IrTypeConverter.toIrType(Fir2IrTypeConverter.kt:85)
	at org.jetbrains.kotlin.fir.backend.Fir2IrTypeConverterKt.toIrType(Fir2IrTypeConverter.kt:375)
	at org.jetbrains.kotlin.fir.backend.generators.Fir2IrCallableDeclarationsGenerator.createIrParameter$fir2ir(Fir2IrCallableDeclarationsGenerator.kt:727)
	... 155 more


error message: Daemon compilation failed

